// Jest Snapshot v1, https://goo.gl/fbAQLP

exports[`Button should render correctly 1`] = `
<div
  className=""
  onClick={[MockFunction]}
>
  Test button
</div>
`;
